ERROR - 2026-05-11 18:30:29 --> Error connecting to the database: mysqli_sql_exception: Connection refused in /home/kenny/Documents/S4/SI/mixte/regime/system/Database/MySQLi/Connection.php:201
Stack trace:
#0 /home/kenny/Documents/S4/SI/mixte/regime/system/Database/MySQLi/Connection.php(201): mysqli->real_connect()
#1 /home/kenny/Documents/S4/SI/mixte/regime/system/Database/BaseConnection.php(555): CodeIgniter\Database\MySQLi\Connection->connect()
#2 /home/kenny/Documents/S4/SI/mixte/regime/system/Database/BaseConnection.php(795): CodeIgniter\Database\BaseConnection->initialize()
#3 /home/kenny/Documents/S4/SI/mixte/regime/system/Database/BaseBuilder.php(1649): CodeIgniter\Database\BaseConnection->query()
#4 /home/kenny/Documents/S4/SI/mixte/regime/system/Model.php(295): CodeIgniter\Database\BaseBuilder->get()
#5 /home/kenny/Documents/S4/SI/mixte/regime/system/BaseModel.php(714): CodeIgniter\Model->doFirst()
#6 /home/kenny/Documents/S4/SI/mixte/regime/app/Controllers/User.php(36): CodeIgniter\BaseModel->first()
#7 /home/kenny/Documents/S4/SI/mixte/regime/system/CodeIgniter.php(951): App\Controllers\User->authenticate()
#8 /home/kenny/Documents/S4/SI/mixte/regime/system/CodeIgniter.php(497): CodeIgniter\CodeIgniter->runController()
#9 /home/kenny/Documents/S4/SI/mixte/regime/system/CodeIgniter.php(340): CodeIgniter\CodeIgniter->handleRequest()
#10 /home/kenny/Documents/S4/SI/mixte/regime/system/Boot.php(417): CodeIgniter\CodeIgniter->run()
#11 /home/kenny/Documents/S4/SI/mixte/regime/system/Boot.php(68): CodeIgniter\Boot::runCodeIgniter()
#12 /home/kenny/Documents/S4/SI/mixte/regime/public/index.php(59): CodeIgniter\Boot::bootWeb()
#13 /home/kenny/Documents/S4/SI/mixte/regime/system/rewrite.php(44): require_once('...')
#14 {main}

Next CodeIgniter\Database\Exceptions\DatabaseException: Connection refused in /home/kenny/Documents/S4/SI/mixte/regime/system/Database/MySQLi/Connection.php:231
Stack trace:
#0 /home/kenny/Documents/S4/SI/mixte/regime/system/Database/BaseConnection.php(555): CodeIgniter\Database\MySQLi\Connection->connect()
#1 /home/kenny/Documents/S4/SI/mixte/regime/system/Database/BaseConnection.php(795): CodeIgniter\Database\BaseConnection->initialize()
#2 /home/kenny/Documents/S4/SI/mixte/regime/system/Database/BaseBuilder.php(1649): CodeIgniter\Database\BaseConnection->query()
#3 /home/kenny/Documents/S4/SI/mixte/regime/system/Model.php(295): CodeIgniter\Database\BaseBuilder->get()
#4 /home/kenny/Documents/S4/SI/mixte/regime/system/BaseModel.php(714): CodeIgniter\Model->doFirst()
#5 /home/kenny/Documents/S4/SI/mixte/regime/app/Controllers/User.php(36): CodeIgniter\BaseModel->first()
#6 /home/kenny/Documents/S4/SI/mixte/regime/system/CodeIgniter.php(951): App\Controllers\User->authenticate()
#7 /home/kenny/Documents/S4/SI/mixte/regime/system/CodeIgniter.php(497): CodeIgniter\CodeIgniter->runController()
#8 /home/kenny/Documents/S4/SI/mixte/regime/system/CodeIgniter.php(340): CodeIgniter\CodeIgniter->handleRequest()
#9 /home/kenny/Documents/S4/SI/mixte/regime/system/Boot.php(417): CodeIgniter\CodeIgniter->run()
#10 /home/kenny/Documents/S4/SI/mixte/regime/system/Boot.php(68): CodeIgniter\Boot::runCodeIgniter()
#11 /home/kenny/Documents/S4/SI/mixte/regime/public/index.php(59): CodeIgniter\Boot::bootWeb()
#12 /home/kenny/Documents/S4/SI/mixte/regime/system/rewrite.php(44): require_once('...')
#13 {main}
CRITICAL - 2026-05-11 18:30:29 --> CodeIgniter\Database\Exceptions\DatabaseException: Unable to connect to the database.
Main connection [MySQLi]: Connection refused
[Method: POST, Route: authenticate]
in SYSTEMPATH/Database/BaseConnection.php on line 606.
 1 SYSTEMPATH/Database/BaseConnection.php(795): CodeIgniter\Database\BaseConnection->initialize()
 2 SYSTEMPATH/Database/BaseBuilder.php(1649): CodeIgniter\Database\BaseConnection->query()
 3 SYSTEMPATH/Model.php(295): CodeIgniter\Database\BaseBuilder->get()
 4 SYSTEMPATH/BaseModel.php(714): CodeIgniter\Model->doFirst()
 5 APPPATH/Controllers/User.php(36): CodeIgniter\BaseModel->first()
 6 SYSTEMPATH/CodeIgniter.php(951): App\Controllers\User->authenticate()
 7 SYSTEMPATH/CodeIgniter.php(497): CodeIgniter\CodeIgniter->runController()
 8 SYSTEMPATH/CodeIgniter.php(340): CodeIgniter\CodeIgniter->handleRequest()
 9 SYSTEMPATH/Boot.php(417): CodeIgniter\CodeIgniter->run()
10 SYSTEMPATH/Boot.php(68): CodeIgniter\Boot::runCodeIgniter()
11 FCPATH/index.php(59): CodeIgniter\Boot::bootWeb()
12 SYSTEMPATH/rewrite.php(44): require_once('/home/kenny/Documents/S4/SI/mixte/regime/public/index.php')
CRITICAL - 2026-05-11 19:18:44 --> ErrorException: Access level to App\Controllers\Dashboard::requireAdmin() must be protected (as in class App\Controllers\BaseController) or weaker
[Method: CLI, Route: routes]
in APPPATH/Controllers/Dashboard.php on line 76.
 1 [internal function]: CodeIgniter\Debug\Exceptions->shutdownHandler()
